// Jest Snapshot v1, https://goo.gl/fbAQLP

exports[`renders correctly 1`] = `
<div
  id="resetPassword"
>
  <div>
    <div
      className="govuk-width-container"
    >
      <div
        className="govuk-breadcrumbs"
      >
        <ol
          className="govuk-breadcrumbs__list"
        >
          <li
            className="govuk-breadcrumbs__list-item"
          >
            <a
              className="govuk-breadcrumbs__link"
              href="https://nationalcareers.service.gov.uk/"
            >
              Home
            </a>
          </li>
        </ol>
      </div>
      <main
        className="govuk-main-wrapper"
      >
        <div
          className="govuk-grid-row"
        >
          <div
            className="govuk-grid-column-two-thirds"
          >
            <div
              className="pageLevelErrorContainer hide"
            >
              <div
                aria-labelledby="error-summary-title"
                className="govuk-error-summary"
                data-module="govuk-error-summary"
                role="alert"
                tabIndex="-1"
              >
                <h2
                  className="govuk-error-summary__title"
                  id="error-summary-title"
                >
                  There is a problem
                </h2>
                <div
                  className="govuk-error-summary__body"
                >
                  <ul
                    className="govuk-list govuk-error-summary__list"
                    id="errorSummaryItems"
                  />
                </div>
              </div>
            </div>
            <h1
              className="govuk-heading-xl govuk-!-margin-top-6 govuk-!-margin-bottom-9"
            >
              Access your account
            </h1>
            <div>
              <p
                className="govuk-body"
              >
                You can reset your password if you've forgotten it.
              </p>
              <p
                className="govuk-body"
              >
                If you cannot remember your email address you can also retrieve it here.
              </p>
              <h3
                className="govuk-heading-m"
              >
                Reset your password
              </h3>
              <p
                className="govuk-body"
              >
                To reset your password we need to send an email to the address registered to your account.
              </p>
            </div>
            <form
              id="customForm"
              noValidate={true}
              onSubmit={[Function]}
            >
              <div
                className="govuk-form-group "
              >
                <label
                  className="govuk-label"
                  htmlFor="emailCustom"
                >
                  Email address
                </label>
                <input
                  autoComplete="email"
                  className="govuk-input govuk-!-width-one-half"
                  id="emailCustom"
                  name="email"
                  noValidate={true}
                  onChange={[Function]}
                  spellCheck="false"
                  type="email"
                />
              </div>
              <button
                className="govuk-button"
                id="preSubmit"
                type="submit"
              >
                Send email
              </button>
            </form>
            <p
              className="govuk-body"
            >
              <a
                className="govuk-link"
                href={null}
                onClick={null}
              >
                Can't remember your email address?
              </a>
            </p>
          </div>
        </div>
      </main>
    </div>
  </div>
</div>
`;
