// Jest Snapshot v1, https://goo.gl/fbAQLP

exports[`renders correctly 1`] = `
<header
  className="govuk-header "
  data-module="govuk-header"
  role="banner"
>
  <div
    className="govuk-header__container govuk-width-container ncs-custom"
  >
    <h1
      className="govuk-heading-l govuk-!-margin-top-0 govuk-!-margin-bottom-0"
    >
      <a
        className="govuk-header__link govuk-header__link--service-name"
        href="https://nationalcareers.service.gov.uk/"
      >
        National Careers Service
      </a>
    </h1>
    <button
      aria-controls="navigation"
      aria-label="Show or hide Top Level Navigation"
      className="govuk-header__menu-button govuk-js-header-toggle"
      id="menuToggle"
      onClick={[Function]}
      type="button"
    >
      Menu
    </button>
    <nav>
      <ul
        aria-label="Top Level Navigation"
        className="govuk-header__navigation"
        id="navigation"
      >
        <li
          className="govuk-header__navigation-item"
        >
          <a
            className="govuk-header__link"
            href="https://nationalcareers.service.gov.uk/job-profiles"
          >
            Explore careers
          </a>
        </li>
        <li
          className="govuk-header__navigation-item"
        >
          <a
            className="govuk-header__link"
            href="https://nationalcareers.service.gov.uk/skills-health-check"
          >
            Skills assessment
          </a>
        </li>
        <li
          className="govuk-header__navigation-item"
        >
          <a
            className="govuk-header__link"
            href="https://nationalcareers.service.gov.uk/course-directory"
          >
            Find a course
          </a>
        </li>
        <li
          className="govuk-header__navigation-item"
        >
          <a
            className="govuk-header__link"
            href="https://nationalcareers.service.gov.uk/contact-us"
          >
            Contact us
          </a>
        </li>
        <li
          className="govuk-header__navigation-item"
        >
          <a
            className="govuk-header__link"
            href="https://nationalcareers.service.gov.uk/about-us"
          >
            About us
          </a>
        </li>
        <li
          className="govuk-header__navigation-item"
        >
          <a
            className="govuk-header__link"
            href="https://nationalcareers.service.gov.uk/get-a-job"
          >
            Help to get a job
          </a>
        </li>
      </ul>
    </nav>
  </div>
</header>
`;
