// Jest Snapshot v1, https://goo.gl/fbAQLP

exports[`renders correctly without props passed in 1`] = `
<div>
  <h1
    className="govuk-heading-m"
  >
    Terms and conditions
  </h1>
  <div
    className="govuk-form-group "
  >
    <label
      className="block-label"
      htmlFor="tsAndCsCustom"
    >
      <input
        aria-invalid="true"
        checked={false}
        id="tsAndCsCustom"
        name="tsAndCsAccepted"
        noValidate={true}
        onChange={[Function]}
        type="checkbox"
        value={true}
      />
      I accept the 
      <a
        href="https://nationalcareers.service.gov.uk/help/terms-and-conditions"
        id="tsAndCsLink"
        rel="noopener noreferrer"
        target="_blank"
      >
        terms and conditions
      </a>
       and I am 13 or over
    </label>
  </div>
</div>
`;
