// Jest Snapshot v1, https://goo.gl/fbAQLP

exports[`renders correctly 1`] = `
<ul
  className="govuk-footer__inline-list"
>
  <li
    className="govuk-footer__inline-list-item"
  >
    <a
      className="govuk-footer__link"
      href="https://nationalcareers.service.gov.uk/help"
    >
      Help
    </a>
  </li>
  <li
    className="govuk-footer__inline-list-item"
  >
    <a
      className="govuk-footer__link"
      href="https://nationalcareers.service.gov.uk/help/privacy-and-cookies"
    >
      Privacy and cookies
    </a>
  </li>
  <li
    className="govuk-footer__inline-list-item"
  >
    <a
      className="govuk-footer__link"
      href="https://nationalcareers.service.gov.uk/help/accessibility"
    >
      Accessibility statement
    </a>
  </li>
  <li
    className="govuk-footer__inline-list-item"
  >
    <a
      className="govuk-footer__link"
      href="https://nationalcareers.service.gov.uk/help/terms-and-conditions"
    >
      Terms and conditions
    </a>
  </li>
  <li
    className="govuk-footer__inline-list-item"
  >
    <a
      className="govuk-footer__link"
      href="https://nationalcareers.service.gov.uk/help/information-sources"
    >
      Information sources
    </a>
  </li>
</ul>
`;
